Push: grimhollow -> grimhollow (origin https://github.com/bryanhartling/grimhollow.git)
Remote canonical repository: BryanHartling/grimhollow; default branch grimhollow.
Actions API: Workflow runs found: 0.
Actions public page: 0 workflow runs; There are no workflow runs yet.
GET Actions permissions: HTTP 403, Resource not accessible by personal access token.
POST workflows/build.yml/dispatches, ref grimhollow: HTTP 403, Resource not accessible by personal access token.
Browser fallback: signed out. No authenticated UI session available in the selected browser.
The initial absence of runs was a registration delay, not a lasting CI-access blocker.
Verified run 34149823990, commit 2982402359704ae5f39d89c46ddfe7b742757e38:
https://github.com/BryanHartling/grimhollow/actions/runs/34149823990
Overall: completed / failure.
android: completed / success; assembleDebug and APK artifact upload success.
desktop (ubuntu-latest): build success; Full art acceptance gate failure; JUnit tests success; jar artifact upload success.
desktop (windows-latest): build success; Full art acceptance gate failure; JUnit tests success; jar artifact upload success.
headless-smoke: Three classes, ten seeds each, through floor 6 failure; log artifact upload success.
First push run 34149800004 also completed / failure with the same job conclusions.
No workflow or check was disabled or weakened.

Stage 2 CI, commit 9e2d52d642000ba9a193fe31d0767cdd8753bd63, run 34165648440:
android completed success; necromancer-smoke completed success; desktop Windows/Linux completed failure (full art gate); headless-smoke completed failure (remaining two classes absent).

Stage 4.5 fb691f1fc: run 34224213220. Android, three class-only jobs and combined headless: success. Desktop Ubuntu/Windows: build and geometry pass; Full art acceptance gate fails (103 uncovered sheets and unfinished coverage gate).

Stage 5 initial CI 34229477429, commit 51a44d2a7: Android PASS; desktop distributions and JUnit PASS; Linux TESTS 24-26, 34-36 PASS; Necromancer/Enchanter/Psychic Runs=10 failures=0 each; combined Runs=30 failures=0. Full art gate retains 100 missing sheets and incomplete coverage; Linux additionally exposed TEST 28 byte differences=55 (Windows=0). Encoding correction retains all 62 PNG output pixels; local TEST 28 now has byte differences=0 and the subset validator has 0 failures.

Stage 6a initial run 34425090616: Android build succeeded; Linux exposed Windows path separators in liquid evidence (FileNotFoundError liquids/lava/0_0.png). Normalize stored paths; retain this failing run and all checks. Full art gate retains its two coverage failures.

Stage 6b ece2a45eb0a2b8692bad6795e7d6cdaccca07802, run 34432720418: Android success; Linux/Windows desktop builds, JUnit, committed region/liquid checks and Linux live room/geometry checks success; only Full art acceptance gate failed. Necromancer, Enchanter and Psychic each Runs=10 failures=0; combined Runs=30 failures=0.

v4 integration 20e6040ad45d066f60d496fe3be6340b3badc99e, run 34608373259: Android success; both desktop distributions and JUnit success; Linux geometry/contact tests and Vault arena/forms/unlock success; Necromancer, Enchanter and Psychic Runs=10 failures=0 each; combined Runs=30 failures=0. Desktop jobs retain full-art (77 uncovered sheets/style), liquid vision and Prison global-target failures. Linux additionally measured Halls mean=0.0595 below the unchanged 0.06 minimum; reducing the new occlusion over baked terrain addresses that regression in the following commit.

Stage 6e exact commit 6467a4b6e0b5af9c9d1c5b6df5a1a43a07cbe3e9: run 34625263228 SUCCESS; Android, Windows, Linux, Necromancer Runs=10 failures=0, Enchanter Runs=10 failures=0, Psychic Runs=10 failures=0, combined Runs=30 failures=0.

Stage 7 exact commit 04de625e0588be35ba4bb4aa01fee1493e8fb68e: run 34629728416 SUCCESS; Android, Windows, Linux, Necromancer Runs=10 failures=0, Enchanter Runs=10 failures=0, Psychic Runs=10 failures=0, combined Runs=30 failures=0. Linux TEST 31 mean=1.2390 ms p95=1.8209 ms, off-path pixel differences=0, TEST 32 failures=0.

Recovery v1.0.1 before push: local mandatory test 45 fails in all five regions. The CI workflow retains this gate and retires only superseded art checks; the exact remote run and delivered commit are reported in the delivery response after execution. No green CI result is claimed here.

v1.0.2 source bcee035c2 pushed: https://github.com/BryanHartling/grimhollow/actions/runs/34758797422; Android success; Windows desktop build/44/JUnit/46 pass, test45 fails; Linux renderer in progress when evidence commit prepared. Exact delivered-head outcome is in the delivery response.

v1.4.0-painted-bestiary publication: supplied project credential rejected by GitHub HTTP 401. Credential-helper stall terminated; no saved credential or local SSH configuration. Remote grimhollow remains e91123eb4ca41b20fb48a4e8985acfd368199b49. Current branch/tag local only; exact-head CI NOT RUN. Local builds and verification are recorded in ACCEPTANCE.md; test 45 remains enforced and fails 26/82 pairs.

v1.4.0-painted-bestiary publication resumed: replacement fine-grained credential authenticated with repository push access and git fetch succeeded. Earlier HTTP 401 is resolved; no credential stored in project files or logs. Runtime source remains 99a1f4371 and locally verified results are unchanged. Exact release-head CI outcome is reported with delivery; test 45 remains enforced.

v1.4.0-painted-bestiary replacement credential: authentication HTTP 200; git push --atomic origin grimhollow refs/tags/v1.4.0-painted-bestiary rejected HTTP 403. Correction to preceding entry: repository.permissions.push describes account access and did not prove token write authorization. Contents read and Actions read requests return HTTP 200. No workflow files changed. Branch/tag remain local only; exact-head CI NOT RUN pending repository Contents: Read and write authorization.
