<?xml version="1.0" encoding="UTF-8"?>
<testsuite name="com.shatteredpixel.shatteredpixeldungeon.tiles.LightMapTest" tests="4" skipped="0" failures="0" errors="0" timestamp="2026-09-07T17:45:07.733Z" hostname="ACURITE_WEATHER" time="0.023">
To honour the JVM settings for this build a single-use Daemon process will be forked. For more on this, please refer to https://docs.gradle.org/9.4.0/userguide/gradle_daemon.html#sec:disabling_the_daemon in the Gradle documentation.
Daemon will be stopped at the end of the build
> Task :core:processResources NO-SOURCE
> Task :services:news:shatteredNews:processResources NO-SOURCE
> Task :services:updates:githubUpdates:processResources NO-SOURCE
> Task :core:processTestResources NO-SOURCE
> Task :services:compileJava UP-TO-DATE
> Task :SPD-classes:compileJava UP-TO-DATE
> Task :services:news:shatteredNews:compileJava UP-TO-DATE
> Task :services:processResources NO-SOURCE
> Task :services:classes UP-TO-DATE
> Task :services:jar UP-TO-DATE
> Task :SPD-classes:processResources NO-SOURCE
> Task :SPD-classes:classes UP-TO-DATE
> Task :SPD-classes:jar UP-TO-DATE
> Task :services:news:shatteredNews:classes UP-TO-DATE
> Task :services:news:shatteredNews:jar UP-TO-DATE
> Task :services:updates:githubUpdates:compileJava UP-TO-DATE
> Task :services:updates:githubUpdates:classes UP-TO-DATE
> Task :services:updates:githubUpdates:jar UP-TO-DATE
> Task :desktop:processResources

> Task :core:compileJava

> Task :core:classes
> Task :desktop:compileJava
> Task :desktop:classes
> Task :core:jar
> Task :core:compileTestJava
> Task :core:testClasses
> Task :core:test
> Task :desktop:release
> Task :desktop:dist

[Incubating] Problems report is available at: file:///C:/Users/Hartl/Documents/grimhollow/build/reports/problems/problems-report.html

Deprecated Gradle features were used in this build, making it incompatible with Gradle 10.

You can use '--warning-mode all' to show the individual deprecation warnings and determine if they come from your own scripts or plugins.

For more on this, please refer to https://docs.gradle.org/9.4.0/userguide/command_line_interface.html#sec:command_line_warnings in the Gradle documentation.

BUILD SUCCESSFUL in 51s
15 actionable tasks: 7 executed, 8 up-to-date
Consider enabling configuration cache to speed up this build: https://docs.gradle.org/9.4.0/userguide/configuration_cache_enabling.html
To honour the JVM settings for this build a single-use Daemon process will be forked. For more on this, please refer to https://docs.gradle.org/9.4.0/userguide/gradle_daemon.html#sec:disabling_the_daemon in the Gradle documentation.
Daemon will be stopped at the end of the build
> Task :core:processResources NO-SOURCE
> Task :core:processTestResources NO-SOURCE
> Task :services:compileJava UP-TO-DATE
> Task :SPD-classes:compileJava UP-TO-DATE
> Task :SPD-classes:processResources NO-SOURCE
> Task :SPD-classes:classes UP-TO-DATE
> Task :services:processResources NO-SOURCE
> Task :services:classes UP-TO-DATE
> Task :services:jar UP-TO-DATE
> Task :SPD-classes:jar UP-TO-DATE
> Task :core:compileJava UP-TO-DATE
> Task :core:classes UP-TO-DATE
> Task :core:compileTestJava UP-TO-DATE
> Task :core:testClasses UP-TO-DATE
> Task :core:test

[Incubating] Problems report is available at: file:///C:/Users/Hartl/Documents/grimhollow/build/reports/problems/problems-report.html

Deprecated Gradle features were used in this build, making it incompatible with Gradle 10.

You can use '--warning-mode all' to show the individual deprecation warnings and determine if they come from your own scripts or plugins.

For more on this, please refer to https://docs.gradle.org/9.4.0/userguide/command_line_interface.html#sec:command_line_warnings in the Gradle documentation.

BUILD SUCCESSFUL in 11s
7 actionable tasks: 1 executed, 6 up-to-date
Consider enabling configuration cache to speed up this build: https://docs.gradle.org/9.4.0/userguide/configuration_cache_enabling.html

Stage 5.6 fresh core:test --rerun: {'tests': 4, 'failures': 0, 'errors': 0, 'skipped': 0}
